files/B/A
files/B/B/A
files/B/B/x
files/B/B/y
files/B/B
files/B/ax
files/B/x
files/B/y
files/B
